I, [2018-06-20T14:46:34.390566 #1]  INFO -- : listening on addr=/share/unicorn.sock fd=9
I, [2018-06-20T14:46:34.390827 #1]  INFO -- : listening on addr=0.0.0.0:3001 fd=10
I, [2018-06-20T14:46:34.390900 #1]  INFO -- : worker=0 spawning...
I, [2018-06-20T14:46:34.391789 #1]  INFO -- : worker=1 spawning...
I, [2018-06-20T14:46:34.392277 #1]  INFO -- : worker=2 spawning...
I, [2018-06-20T14:46:34.393228 #7]  INFO -- : worker=0 spawned pid=7
I, [2018-06-20T14:46:34.393370 #7]  INFO -- : Refreshing Gem list
I, [2018-06-20T14:46:34.393951 #1]  INFO -- : worker=3 spawning...
I, [2018-06-20T14:46:34.395356 #9]  INFO -- : worker=1 spawned pid=9
I, [2018-06-20T14:46:34.395479 #9]  INFO -- : Refreshing Gem list
I, [2018-06-20T14:46:34.397902 #1]  INFO -- : worker=4 spawning...
I, [2018-06-20T14:46:34.398577 #12]  INFO -- : worker=2 spawned pid=12
I, [2018-06-20T14:46:34.398720 #12]  INFO -- : Refreshing Gem list
I, [2018-06-20T14:46:34.401921 #1]  INFO -- : worker=5 spawning...
I, [2018-06-20T14:46:34.402618 #15]  INFO -- : worker=3 spawned pid=15
I, [2018-06-20T14:46:34.402756 #15]  INFO -- : Refreshing Gem list
I, [2018-06-20T14:46:34.405308 #18]  INFO -- : worker=4 spawned pid=18
I, [2018-06-20T14:46:34.406344 #1]  INFO -- : worker=6 spawning...
I, [2018-06-20T14:46:34.407497 #18]  INFO -- : Refreshing Gem list
I, [2018-06-20T14:46:34.410825 #22]  INFO -- : worker=5 spawned pid=22
I, [2018-06-20T14:46:34.411136 #22]  INFO -- : Refreshing Gem list
I, [2018-06-20T14:46:34.413914 #1]  INFO -- : worker=7 spawning...
I, [2018-06-20T14:46:34.420036 #25]  INFO -- : worker=6 spawned pid=25
I, [2018-06-20T14:46:34.420159 #25]  INFO -- : Refreshing Gem list
I, [2018-06-20T14:46:34.422204 #1]  INFO -- : master process ready
I, [2018-06-20T14:46:34.426087 #28]  INFO -- : worker=7 spawned pid=28
I, [2018-06-20T14:46:34.426207 #28]  INFO -- : Refreshing Gem list
I, [2018-06-20T14:46:43.425311 #18]  INFO -- : worker=4 ready
I, [2018-06-20T14:46:43.411244 #25]  INFO -- : worker=6 ready
I, [2018-06-20T14:46:43.408207 #9]  INFO -- : worker=1 ready
I, [2018-06-20T14:46:43.429937 #15]  INFO -- : worker=3 ready
I, [2018-06-20T14:46:43.430557 #22]  INFO -- : worker=5 ready
I, [2018-06-20T14:46:43.420655 #28]  INFO -- : worker=7 ready
I, [2018-06-20T14:46:43.424880 #7]  INFO -- : worker=0 ready
I, [2018-06-20T14:46:43.431646 #12]  INFO -- : worker=2 ready
124.35.83.42 - - [20/Jun/2018:14:47:03 +0900] "GET / HTTP/1.0" 500 74301 0.4058
124.35.83.42 - - [20/Jun/2018:14:47:03 +0900] "GET /favicon.ico HTTP/1.0" 200 - 0.0429
115.127.39.170 - - [20/Jun/2018:14:48:29 +0900] "GET / HTTP/1.0" 500 74086 0.1968
124.35.83.42 - - [20/Jun/2018:14:56:24 +0900] "GET / HTTP/1.0" 500 74343 0.4702
124.35.83.42 - - [20/Jun/2018:14:56:25 +0900] "GET /favicon.ico HTTP/1.0" 200 - 0.0452
I, [2018-06-20T14:59:25.869461 #1]  INFO -- : reaped #<Process::Status: pid 7 exit 0> worker=0
I, [2018-06-20T14:59:25.924882 #1]  INFO -- : reaped #<Process::Status: pid 9 exit 0> worker=1
I, [2018-06-20T14:59:25.925757 #1]  INFO -- : reaped #<Process::Status: pid 12 exit 0> worker=2
I, [2018-06-20T14:59:25.925799 #1]  INFO -- : reaped #<Process::Status: pid 15 exit 0> worker=3
I, [2018-06-20T14:59:25.926322 #1]  INFO -- : reaped #<Process::Status: pid 18 exit 0> worker=4
I, [2018-06-20T14:59:25.926359 #1]  INFO -- : reaped #<Process::Status: pid 22 exit 0> worker=5
I, [2018-06-20T14:59:25.926386 #1]  INFO -- : reaped #<Process::Status: pid 25 exit 0> worker=6
I, [2018-06-20T14:59:25.926411 #1]  INFO -- : reaped #<Process::Status: pid 28 exit 0> worker=7
I, [2018-06-20T14:59:25.973542 #1]  INFO -- : master complete
I, [2018-06-20T14:59:28.817275 #1]  INFO -- : unlinking existing socket=/share/unicorn.sock
I, [2018-06-20T14:59:28.818829 #1]  INFO -- : listening on addr=/share/unicorn.sock fd=9
I, [2018-06-20T14:59:28.819053 #1]  INFO -- : listening on addr=0.0.0.0:3001 fd=10
I, [2018-06-20T14:59:28.819132 #1]  INFO -- : worker=0 spawning...
I, [2018-06-20T14:59:28.820151 #1]  INFO -- : worker=1 spawning...
I, [2018-06-20T14:59:28.820725 #1]  INFO -- : worker=2 spawning...
I, [2018-06-20T14:59:28.821976 #1]  INFO -- : worker=3 spawning...
I, [2018-06-20T14:59:28.822670 #9]  INFO -- : worker=1 spawned pid=9
I, [2018-06-20T14:59:28.822790 #9]  INFO -- : Refreshing Gem list
I, [2018-06-20T14:59:28.825578 #7]  INFO -- : worker=0 spawned pid=7
I, [2018-06-20T14:59:28.825692 #7]  INFO -- : Refreshing Gem list
I, [2018-06-20T14:59:28.830055 #1]  INFO -- : worker=4 spawning...
I, [2018-06-20T14:59:28.830787 #12]  INFO -- : worker=2 spawned pid=12
I, [2018-06-20T14:59:28.830903 #12]  INFO -- : Refreshing Gem list
I, [2018-06-20T14:59:28.838190 #1]  INFO -- : worker=5 spawning...
I, [2018-06-20T14:59:28.838951 #15]  INFO -- : worker=3 spawned pid=15
I, [2018-06-20T14:59:28.839070 #15]  INFO -- : Refreshing Gem list
I, [2018-06-20T14:59:28.846121 #1]  INFO -- : worker=6 spawning...
I, [2018-06-20T14:59:28.846874 #18]  INFO -- : worker=4 spawned pid=18
I, [2018-06-20T14:59:28.846992 #18]  INFO -- : Refreshing Gem list
I, [2018-06-20T14:59:28.854137 #1]  INFO -- : worker=7 spawning...
I, [2018-06-20T14:59:28.855869 #21]  INFO -- : worker=5 spawned pid=21
I, [2018-06-20T14:59:28.856059 #21]  INFO -- : Refreshing Gem list
I, [2018-06-20T14:59:28.862199 #25]  INFO -- : worker=6 spawned pid=25
I, [2018-06-20T14:59:28.862319 #25]  INFO -- : Refreshing Gem list
I, [2018-06-20T14:59:28.865341 #1]  INFO -- : master process ready
I, [2018-06-20T14:59:28.870109 #28]  INFO -- : worker=7 spawned pid=28
I, [2018-06-20T14:59:28.870222 #28]  INFO -- : Refreshing Gem list
I, [2018-06-20T14:59:38.070198 #12]  INFO -- : worker=2 ready
I, [2018-06-20T14:59:38.059000 #9]  INFO -- : worker=1 ready
I, [2018-06-20T14:59:38.069584 #25]  INFO -- : worker=6 ready
I, [2018-06-20T14:59:38.052210 #21]  INFO -- : worker=5 ready
I, [2018-06-20T14:59:38.062313 #28]  INFO -- : worker=7 ready
I, [2018-06-20T14:59:38.063939 #18]  INFO -- : worker=4 ready
I, [2018-06-20T14:59:38.065055 #15]  INFO -- : worker=3 ready
I, [2018-06-20T14:59:38.077213 #7]  INFO -- : worker=0 ready
124.35.83.42 - - [20/Jun/2018:14:59:38 +0900] "GET / HTTP/1.0" 500 75432 0.3400
124.35.83.42 - - [20/Jun/2018:14:59:38 +0900] "GET /favicon.ico HTTP/1.0" 200 - 0.0412
81.31.246.219 - - [20/Jun/2018:14:59:48 +0900] "GET / HTTP/1.0" 500 75174 0.1469
124.35.83.42 - - [20/Jun/2018:15:00:32 +0900] "GET / HTTP/1.0" 500 58406 0.1096
124.35.83.42 - - [20/Jun/2018:15:00:32 +0900] "GET /favicon.ico HTTP/1.0" 200 - 0.0992
124.35.83.42 - - [20/Jun/2018:15:04:57 +0900] "GET / HTTP/1.0" 500 75432 0.3936
124.35.83.42 - - [20/Jun/2018:15:04:57 +0900] "GET /favicon.ico HTTP/1.0" 200 - 0.0129
124.35.83.42 - - [20/Jun/2018:15:05:20 +0900] "GET / HTTP/1.0" 500 75432 0.3620
124.35.83.42 - - [20/Jun/2018:15:05:20 +0900] "GET /favicon.ico HTTP/1.0" 200 - 0.2263
I, [2018-06-20T15:09:38.603743 #1]  INFO -- : reaped #<Process::Status: pid 7 exit 0> worker=0
I, [2018-06-20T15:09:38.629620 #1]  INFO -- : reaped #<Process::Status: pid 9 exit 0> worker=1
I, [2018-06-20T15:09:38.630051 #1]  INFO -- : reaped #<Process::Status: pid 12 exit 0> worker=2
I, [2018-06-20T15:09:38.630868 #1]  INFO -- : reaped #<Process::Status: pid 15 exit 0> worker=3
I, [2018-06-20T15:09:38.631308 #1]  INFO -- : reaped #<Process::Status: pid 18 exit 0> worker=4
I, [2018-06-20T15:09:38.631340 #1]  INFO -- : reaped #<Process::Status: pid 21 exit 0> worker=5
I, [2018-06-20T15:09:38.631370 #1]  INFO -- : reaped #<Process::Status: pid 25 exit 0> worker=6
I, [2018-06-20T15:09:38.631396 #1]  INFO -- : reaped #<Process::Status: pid 28 exit 0> worker=7
I, [2018-06-20T15:09:38.650347 #1]  INFO -- : master complete
I, [2018-06-20T15:09:40.721571 #1]  INFO -- : unlinking existing socket=/share/unicorn.sock
I, [2018-06-20T15:09:40.722146 #1]  INFO -- : listening on addr=/share/unicorn.sock fd=9
I, [2018-06-20T15:09:40.722384 #1]  INFO -- : listening on addr=0.0.0.0:3001 fd=10
I, [2018-06-20T15:09:40.722463 #1]  INFO -- : worker=0 spawning...
I, [2018-06-20T15:09:40.723482 #1]  INFO -- : worker=1 spawning...
I, [2018-06-20T15:09:40.724050 #1]  INFO -- : worker=2 spawning...
I, [2018-06-20T15:09:40.724859 #8]  INFO -- : worker=0 spawned pid=8
I, [2018-06-20T15:09:40.724994 #8]  INFO -- : Refreshing Gem list
I, [2018-06-20T15:09:40.725990 #1]  INFO -- : worker=3 spawning...
I, [2018-06-20T15:09:40.726675 #10]  INFO -- : worker=1 spawned pid=10
I, [2018-06-20T15:09:40.726804 #10]  INFO -- : Refreshing Gem list
I, [2018-06-20T15:09:40.728338 #1]  INFO -- : worker=4 spawning...
I, [2018-06-20T15:09:40.730121 #13]  INFO -- : worker=2 spawned pid=13
I, [2018-06-20T15:09:40.730260 #13]  INFO -- : Refreshing Gem list
I, [2018-06-20T15:09:40.732594 #1]  INFO -- : worker=5 spawning...
I, [2018-06-20T15:09:40.734356 #16]  INFO -- : worker=3 spawned pid=16
I, [2018-06-20T15:09:40.734487 #16]  INFO -- : Refreshing Gem list
I, [2018-06-20T15:09:40.736444 #1]  INFO -- : worker=6 spawning...
I, [2018-06-20T15:09:40.738535 #19]  INFO -- : worker=4 spawned pid=19
I, [2018-06-20T15:09:40.738666 #19]  INFO -- : Refreshing Gem list
I, [2018-06-20T15:09:40.744725 #1]  INFO -- : worker=7 spawning...
I, [2018-06-20T15:09:40.748635 #25]  INFO -- : worker=6 spawned pid=25
I, [2018-06-20T15:09:40.748767 #25]  INFO -- : Refreshing Gem list
I, [2018-06-20T15:09:40.751412 #22]  INFO -- : worker=5 spawned pid=22
I, [2018-06-20T15:09:40.751543 #22]  INFO -- : Refreshing Gem list
I, [2018-06-20T15:09:40.754084 #1]  INFO -- : master process ready
I, [2018-06-20T15:09:40.758091 #29]  INFO -- : worker=7 spawned pid=29
I, [2018-06-20T15:09:40.758217 #29]  INFO -- : Refreshing Gem list
I, [2018-06-20T15:09:49.899663 #13]  INFO -- : worker=2 ready
I, [2018-06-20T15:09:49.904626 #16]  INFO -- : worker=3 ready
I, [2018-06-20T15:09:49.905867 #25]  INFO -- : worker=6 ready
I, [2018-06-20T15:09:49.908256 #19]  INFO -- : worker=4 ready
I, [2018-06-20T15:09:49.896576 #10]  INFO -- : worker=1 ready
I, [2018-06-20T15:09:49.933057 #22]  INFO -- : worker=5 ready
I, [2018-06-20T15:09:49.936209 #8]  INFO -- : worker=0 ready
I, [2018-06-20T15:09:49.939568 #29]  INFO -- : worker=7 ready
124.35.83.42 - - [20/Jun/2018:15:09:50 +0900] "GET / HTTP/1.0" 500 54977 0.4894
124.35.83.42 - - [20/Jun/2018:15:09:50 +0900] "GET /favicon.ico HTTP/1.0" 200 - 0.0426
124.35.83.42 - - [20/Jun/2018:15:10:21 +0900] "GET / HTTP/1.0" 200 - 0.6809
124.35.83.42 - - [20/Jun/2018:15:10:22 +0900] "GET /application.self-af04b226fd7202dfc532ce7aedb95a0128277937e90d3b3a3d35e1cce9e16886.css?body=1 HTTP/1.0" 200 703 0.0232
124.35.83.42 - - [20/Jun/2018:15:10:22 +0900] "GET /turbolinks.self-2db6ec539b9190f75e1d477b305df53d12904d5cafdd47c7ffd91ba25cbec128.js?body=1 HTTP/1.0" 200 37484 0.1188
124.35.83.42 - - [20/Jun/2018:15:10:23 +0900] "GET /jquery_ujs.self-784a997f6726036b1993eb2217c9cb558e1cbb801c6da88105588c56f13b466a.js?body=1 HTTP/1.0" 200 21600 1.5292
124.35.83.42 - - [20/Jun/2018:15:10:23 +0900] "GET /cable.self-6e0514260c1aa76eaf252412ce74e63f68819fd19bf740595f592c5ba4c36537.js?body=1 HTTP/1.0" 200 291 0.0093
124.35.83.42 - - [20/Jun/2018:15:10:23 +0900] "GET /home.self-877aef30ae1b040ab8a3aba4e3e309a11d7f2612f44dde450b5c157aa5f95c05.js?body=1 HTTP/1.0" 200 31 0.0185
124.35.83.42 - - [20/Jun/2018:15:10:23 +0900] "GET /posts.self-877aef30ae1b040ab8a3aba4e3e309a11d7f2612f44dde450b5c157aa5f95c05.js?body=1 HTTP/1.0" 200 31 0.0037
124.35.83.42 - - [20/Jun/2018:15:10:23 +0900] "GET /users.self-877aef30ae1b040ab8a3aba4e3e309a11d7f2612f44dde450b5c157aa5f95c05.js?body=1 HTTP/1.0" 200 31 0.0066
124.35.83.42 - - [20/Jun/2018:15:10:23 +0900] "GET /application.self-b89234cf2659d7fedea75bca0b8d231ad7dfc2f3f57fcbaf5f44ed9dc384137b.js?body=1 HTTP/1.0" 200 662 0.0117
124.35.83.42 - - [20/Jun/2018:15:10:24 +0900] "GET /home.self-f868777eccc566b67bbd54bb3e228265d2e3d52451725acc17ad34f704a51e40.css?body=1 HTTP/1.0" 200 5559 2.2650
124.35.83.42 - - [20/Jun/2018:15:10:24 +0900] "GET /users.self-3cecdb91917b57dc44cc0eb9dc3d104ce7b32438d73d746a11204bbe3f9a898f.css?body=1 HTTP/1.0" 200 2807 2.4354
124.35.83.42 - - [20/Jun/2018:15:10:24 +0900] "GET /posts.self-4764b0b2de3bfd7f31eb2e1ef2fe31c6c1384dd4f3ea68eda796025e7f211b5b.css?body=1 HTTP/1.0" 200 2414 2.4388
124.35.83.42 - - [20/Jun/2018:15:10:24 +0900] "GET /jquery.self-bd7ddd393353a8d2480a622e80342adf488fb6006d667e8b42e4c0073393abee.js?body=1 HTTP/1.0" 200 293431 2.4422
124.35.83.42 - - [20/Jun/2018:15:10:24 +0900] "GET /action_cable.self-5454023407ffec0d29137c7110917e1e745525ae9afbc05f52104c4cd6597429.js?body=1 HTTP/1.0" 200 20472 2.2983
124.35.83.42 - - [20/Jun/2018:15:10:24 +0900] "GET /images/top.jpg HTTP/1.0" 404 23210 0.1195
124.35.83.42 - - [20/Jun/2018:15:10:24 +0900] "GET /favicon.ico HTTP/1.0" 200 - 0.0016
124.35.83.42 - - [20/Jun/2018:15:10:27 +0900] "GET /posts/index HTTP/1.0" 200 - 0.1017
124.35.83.42 - - [20/Jun/2018:15:10:38 +0900] "GET /posts/new HTTP/1.0" 200 - 0.0771
124.35.83.42 - - [20/Jun/2018:15:10:40 +0900] "POST /posts/create HTTP/1.0" 302 - 0.0338
124.35.83.42 - - [20/Jun/2018:15:10:40 +0900] "GET /posts/index HTTP/1.0" 200 - 0.0246
124.35.83.42 - - [20/Jun/2018:15:10:55 +0900] "GET /signup HTTP/1.0" 404 2948 0.0580
124.35.83.42 - - [20/Jun/2018:15:10:58 +0900] "GET /posts/index HTTP/1.0" 200 - 0.1782
124.35.83.42 - - [20/Jun/2018:15:11:00 +0900] "GET /users/index HTTP/1.0" 200 - 0.0450
E, [2018-06-20T15:12:07.204996 #1] ERROR -- : reaped #<Process::Status: pid 113 SIGHUP (signal 1)> worker=unknown
I, [2018-06-20T15:14:35.540029 #1]  INFO -- : reaped #<Process::Status: pid 8 exit 0> worker=0
I, [2018-06-20T15:14:35.544518 #1]  INFO -- : reaped #<Process::Status: pid 10 exit 0> worker=1
I, [2018-06-20T15:14:35.544567 #1]  INFO -- : reaped #<Process::Status: pid 13 exit 0> worker=2
I, [2018-06-20T15:14:35.544601 #1]  INFO -- : reaped #<Process::Status: pid 16 exit 0> worker=3
I, [2018-06-20T15:14:35.544630 #1]  INFO -- : reaped #<Process::Status: pid 19 exit 0> worker=4
I, [2018-06-20T15:14:35.544660 #1]  INFO -- : reaped #<Process::Status: pid 22 exit 0> worker=5
I, [2018-06-20T15:14:35.544690 #1]  INFO -- : reaped #<Process::Status: pid 25 exit 0> worker=6
I, [2018-06-20T15:14:35.544720 #1]  INFO -- : reaped #<Process::Status: pid 29 exit 0> worker=7
I, [2018-06-20T15:14:35.556999 #1]  INFO -- : master complete
I, [2018-06-29T22:50:24.911051 #1]  INFO -- : listening on addr=/share/unicorn.sock fd=9
I, [2018-06-29T22:50:24.913482 #1]  INFO -- : listening on addr=0.0.0.0:3001 fd=10
I, [2018-06-29T22:50:24.913611 #1]  INFO -- : worker=0 spawning...
I, [2018-06-29T22:50:24.914565 #1]  INFO -- : worker=1 spawning...
I, [2018-06-29T22:50:24.916977 #1]  INFO -- : worker=2 spawning...
I, [2018-06-29T22:50:24.917849 #13]  INFO -- : worker=0 spawned pid=13
I, [2018-06-29T22:50:24.918081 #13]  INFO -- : Refreshing Gem list
I, [2018-06-29T22:50:24.918558 #15]  INFO -- : worker=1 spawned pid=15
I, [2018-06-29T22:50:24.918731 #15]  INFO -- : Refreshing Gem list
I, [2018-06-29T22:50:24.921063 #1]  INFO -- : worker=3 spawning...
I, [2018-06-29T22:50:24.921982 #1]  INFO -- : worker=4 spawning...
I, [2018-06-29T22:50:24.922692 #1]  INFO -- : worker=5 spawning...
I, [2018-06-29T22:50:24.923452 #21]  INFO -- : worker=3 spawned pid=21
I, [2018-06-29T22:50:24.923594 #21]  INFO -- : Refreshing Gem list
I, [2018-06-29T22:50:24.925050 #19]  INFO -- : worker=2 spawned pid=19
I, [2018-06-29T22:50:24.925200 #19]  INFO -- : Refreshing Gem list
I, [2018-06-29T22:50:24.926271 #1]  INFO -- : worker=6 spawning...
I, [2018-06-29T22:50:24.927764 #23]  INFO -- : worker=4 spawned pid=23
I, [2018-06-29T22:50:24.927910 #23]  INFO -- : Refreshing Gem list
I, [2018-06-29T22:50:24.929518 #27]  INFO -- : worker=5 spawned pid=27
I, [2018-06-29T22:50:24.929658 #27]  INFO -- : Refreshing Gem list
I, [2018-06-29T22:50:24.931091 #1]  INFO -- : worker=7 spawning...
I, [2018-06-29T22:50:24.931827 #1]  INFO -- : master process ready
I, [2018-06-29T22:50:24.932758 #33]  INFO -- : worker=7 spawned pid=33
I, [2018-06-29T22:50:24.932903 #33]  INFO -- : Refreshing Gem list
I, [2018-06-29T22:50:24.935822 #31]  INFO -- : worker=6 spawned pid=31
I, [2018-06-29T22:50:24.935973 #31]  INFO -- : Refreshing Gem list
I, [2018-06-29T22:50:33.450524 #21]  INFO -- : worker=3 ready
I, [2018-06-29T22:50:33.447240 #19]  INFO -- : worker=2 ready
I, [2018-06-29T22:50:33.450200 #33]  INFO -- : worker=7 ready
I, [2018-06-29T22:50:33.449507 #27]  INFO -- : worker=5 ready
I, [2018-06-29T22:50:33.456214 #31]  INFO -- : worker=6 ready
I, [2018-06-29T22:50:33.467149 #23]  INFO -- : worker=4 ready
I, [2018-06-29T22:50:33.479789 #15]  INFO -- : worker=1 ready
I, [2018-06-29T22:50:33.487618 #13]  INFO -- : worker=0 ready
172.18.0.1 - - [29/Jun/2018:22:50:56 +0900] "GET / HTTP/1.1" 200 - 1.5781
172.18.0.1 - - [29/Jun/2018:22:50:56 +0900] "GET /users.self-fa5b3354003f55a9660678b5c894d0f6a90f69a6146f9a70e7a1c10047c0baeb.css?body=1 HTTP/1.1" 200 2767 0.0040
172.18.0.1 - - [29/Jun/2018:22:50:58 +0900] "GET /home.self-6a266cab551d8ca5424fdb3e94b6315584d45862a63dc694002d350500bc3812.css?body=1 HTTP/1.1" 200 5489 2.0474
172.18.0.1 - - [29/Jun/2018:22:50:58 +0900] "GET /action_cable.self-5454023407ffec0d29137c7110917e1e745525ae9afbc05f52104c4cd6597429.js?body=1 HTTP/1.1" 200 20472 0.1039
172.18.0.1 - - [29/Jun/2018:22:50:58 +0900] "GET /jquery_ujs.self-784a997f6726036b1993eb2217c9cb558e1cbb801c6da88105588c56f13b466a.js?body=1 HTTP/1.1" 200 21600 2.1282
172.18.0.1 - - [29/Jun/2018:22:50:58 +0900] "GET /home.self-877aef30ae1b040ab8a3aba4e3e309a11d7f2612f44dde450b5c157aa5f95c05.js?body=1 HTTP/1.1" 200 31 0.0473
172.18.0.1 - - [29/Jun/2018:22:50:58 +0900] "GET /posts.self-877aef30ae1b040ab8a3aba4e3e309a11d7f2612f44dde450b5c157aa5f95c05.js?body=1 HTTP/1.1" 200 31 0.0255
172.18.0.1 - - [29/Jun/2018:22:50:58 +0900] "GET /users.self-877aef30ae1b040ab8a3aba4e3e309a11d7f2612f44dde450b5c157aa5f95c05.js?body=1 HTTP/1.1" 200 31 0.0299
172.18.0.1 - - [29/Jun/2018:22:50:58 +0900] "GET /application.self-b89234cf2659d7fedea75bca0b8d231ad7dfc2f3f57fcbaf5f44ed9dc384137b.js?body=1 HTTP/1.1" 200 662 0.0107
172.18.0.1 - - [29/Jun/2018:22:50:58 +0900] "GET /turbolinks.self-2db6ec539b9190f75e1d477b305df53d12904d5cafdd47c7ffd91ba25cbec128.js?body=1 HTTP/1.1" 200 37484 2.2119
172.18.0.1 - - [29/Jun/2018:22:50:58 +0900] "GET /application.self-af04b226fd7202dfc532ce7aedb95a0128277937e90d3b3a3d35e1cce9e16886.css?body=1 HTTP/1.1" 200 703 2.2654
172.18.0.1 - - [29/Jun/2018:22:50:58 +0900] "GET /posts.self-35d439c3273f2923efb126fab0d67d942e8214328ec27ff02f6cbe4fc4fc66ce.css?body=1 HTTP/1.1" 200 2382 2.3858
172.18.0.1 - - [29/Jun/2018:22:50:58 +0900] "GET /jquery.self-bd7ddd393353a8d2480a622e80342adf488fb6006d667e8b42e4c0073393abee.js?body=1 HTTP/1.1" 200 293431 2.3915
172.18.0.1 - - [29/Jun/2018:22:50:59 +0900] "GET /cable.self-6e0514260c1aa76eaf252412ce74e63f68819fd19bf740595f592c5ba4c36537.js?body=1 HTTP/1.1" 200 291 0.7206
172.18.0.1 - - [29/Jun/2018:22:50:59 +0900] "GET /images/top.jpg HTTP/1.1" 404 23113 0.2203
172.18.0.1 - - [29/Jun/2018:22:50:59 +0900] "GET /favicon.ico HTTP/1.1" 200 - 0.0061
172.18.0.1 - - [29/Jun/2018:22:51:32 +0900] "GET / HTTP/1.1" 200 - 0.0499
172.18.0.1 - - [29/Jun/2018:22:51:33 +0900] "GET /images/top.jpg HTTP/1.1" 404 23113 0.1264
172.18.0.1 - - [29/Jun/2018:22:51:33 +0900] "GET /favicon.ico HTTP/1.1" 200 - 0.0011
172.18.0.1 - - [29/Jun/2018:22:51:37 +0900] "GET /about HTTP/1.1" 200 - 0.0346
172.18.0.1 - - [29/Jun/2018:22:51:37 +0900] "GET /tweets.png HTTP/1.1" 200 258994 0.0707
172.18.0.1 - - [29/Jun/2018:22:51:39 +0900] "GET /posts/index HTTP/1.1" 200 - 0.1463
172.18.0.1 - - [29/Jun/2018:22:51:40 +0900] "GET /posts/new HTTP/1.1" 200 - 0.0464
172.18.0.1 - - [29/Jun/2018:22:51:41 +0900] "GET /users/index HTTP/1.1" 200 - 0.0641
172.18.0.1 - - [29/Jun/2018:22:51:41 +0900] "GET /signup HTTP/1.1" 404 2948 0.0592
172.18.0.1 - - [29/Jun/2018:22:55:23 +0900] "GET /signup HTTP/1.1" 406 98257 0.3623
172.18.0.1 - - [29/Jun/2018:22:55:23 +0900] "GET /favicon.ico HTTP/1.1" 200 - 0.0013
172.18.0.1 - - [02/Jul/2018:11:00:49 +0900] "GET /signup HTTP/1.1" 406 98257 3.0873
172.18.0.1 - - [02/Jul/2018:11:00:49 +0900] "GET /favicon.ico HTTP/1.1" 200 - 0.0944
E, [2018-07-02T11:01:47.707666 #1] ERROR -- : worker=0 PID:13 timeout (61s > 60s), killing
E, [2018-07-02T11:01:47.721662 #1] ERROR -- : worker=4 PID:23 timeout (61s > 60s), killing
E, [2018-07-02T11:01:47.721988 #1] ERROR -- : worker=5 PID:27 timeout (61s > 60s), killing
E, [2018-07-02T11:01:47.722281 #1] ERROR -- : worker=7 PID:33 timeout (61s > 60s), killing
E, [2018-07-02T11:01:47.767810 #1] ERROR -- : reaped #<Process::Status: pid 13 SIGKILL (signal 9)> worker=0
E, [2018-07-02T11:01:47.768349 #1] ERROR -- : reaped #<Process::Status: pid 23 SIGKILL (signal 9)> worker=4
E, [2018-07-02T11:01:47.768625 #1] ERROR -- : reaped #<Process::Status: pid 27 SIGKILL (signal 9)> worker=5
E, [2018-07-02T11:01:47.768888 #1] ERROR -- : reaped #<Process::Status: pid 33 SIGKILL (signal 9)> worker=7
I, [2018-07-02T11:01:47.778676 #1]  INFO -- : worker=0 spawning...
I, [2018-07-02T11:01:47.780462 #1]  INFO -- : worker=4 spawning...
I, [2018-07-02T11:01:47.781270 #1]  INFO -- : worker=5 spawning...
I, [2018-07-02T11:01:47.782054 #1]  INFO -- : worker=7 spawning...
I, [2018-07-02T11:01:47.793703 #100]  INFO -- : worker=4 spawned pid=100
I, [2018-07-02T11:01:47.793703 #103]  INFO -- : worker=5 spawned pid=103
I, [2018-07-02T11:01:47.793848 #97]  INFO -- : worker=0 spawned pid=97
I, [2018-07-02T11:01:47.793859 #106]  INFO -- : worker=7 spawned pid=106
I, [2018-07-02T11:01:47.798245 #100]  INFO -- : Refreshing Gem list
I, [2018-07-02T11:01:47.798248 #103]  INFO -- : Refreshing Gem list
I, [2018-07-02T11:01:47.798297 #97]  INFO -- : Refreshing Gem list
I, [2018-07-02T11:01:47.798332 #106]  INFO -- : Refreshing Gem list
I, [2018-07-02T11:01:52.908142 #103]  INFO -- : worker=5 ready
I, [2018-07-02T11:01:52.926446 #100]  INFO -- : worker=4 ready
I, [2018-07-02T11:01:52.928391 #106]  INFO -- : worker=7 ready
I, [2018-07-02T11:01:52.930406 #97]  INFO -- : worker=0 ready
172.18.0.1 - - [02/Jul/2018:11:02:50 +0900] "GET /signup HTTP/1.1" 200 - 1.0794
172.18.0.1 - - [02/Jul/2018:11:02:50 +0900] "GET /favicon.ico HTTP/1.1" 200 - 0.1270
172.18.0.1 - - [02/Jul/2018:11:56:38 +0900] "GET /signup HTTP/1.1" 500 137086 3.1475
172.18.0.1 - - [02/Jul/2018:11:56:40 +0900] "GET /favicon.ico HTTP/1.1" 200 - 1.4817
172.18.0.1 - - [02/Jul/2018:11:57:24 +0900] "GET /signup HTTP/1.1" 500 139315 0.3142
172.18.0.1 - - [02/Jul/2018:11:57:26 +0900] "GET /favicon.ico HTTP/1.1" 200 - 1.3168
172.18.0.1 - - [02/Jul/2018:11:57:27 +0900] "GET /signup HTTP/1.1" 500 139315 1.4166
172.18.0.1 - - [02/Jul/2018:11:57:28 +0900] "GET /favicon.ico HTTP/1.1" 200 - 0.1255
E, [2018-07-02T11:58:26.812080 #1] ERROR -- : worker=1 PID:15 timeout (61s > 60s), killing
E, [2018-07-02T11:58:26.826714 #1] ERROR -- : worker=3 PID:21 timeout (61s > 60s), killing
E, [2018-07-02T11:58:26.871377 #1] ERROR -- : reaped #<Process::Status: pid 21 SIGKILL (signal 9)> worker=3
E, [2018-07-02T11:58:26.872310 #1] ERROR -- : reaped #<Process::Status: pid 15 SIGKILL (signal 9)> worker=1
I, [2018-07-02T11:58:26.886325 #1]  INFO -- : worker=1 spawning...
I, [2018-07-02T11:58:26.889898 #1]  INFO -- : worker=3 spawning...
I, [2018-07-02T11:58:26.909546 #137]  INFO -- : worker=1 spawned pid=137
I, [2018-07-02T11:58:26.909770 #140]  INFO -- : worker=3 spawned pid=140
I, [2018-07-02T11:58:26.916063 #137]  INFO -- : Refreshing Gem list
I, [2018-07-02T11:58:26.916220 #140]  INFO -- : Refreshing Gem list
E, [2018-07-02T11:58:28.892108 #1] ERROR -- : worker=2 PID:19 timeout (61s > 60s), killing
E, [2018-07-02T11:58:28.892285 #1] ERROR -- : worker=0 PID:97 timeout (61s > 60s), killing
E, [2018-07-02T11:58:28.902479 #1] ERROR -- : reaped #<Process::Status: pid 19 SIGKILL (signal 9)> worker=2
E, [2018-07-02T11:58:28.902673 #1] ERROR -- : worker=0 PID:97 timeout (61s > 60s), killing
I, [2018-07-02T11:58:28.902782 #1]  INFO -- : worker=2 spawning...
E, [2018-07-02T11:58:28.904443 #1] ERROR -- : reaped #<Process::Status: pid 97 SIGKILL (signal 9)> worker=0
I, [2018-07-02T11:58:28.904603 #1]  INFO -- : worker=0 spawning...
I, [2018-07-02T11:58:28.906529 #143]  INFO -- : worker=2 spawned pid=143
I, [2018-07-02T11:58:28.906756 #143]  INFO -- : Refreshing Gem list
I, [2018-07-02T11:58:28.908873 #145]  INFO -- : worker=0 spawned pid=145
I, [2018-07-02T11:58:28.909079 #145]  INFO -- : Refreshing Gem list
I, [2018-07-02T11:58:32.633767 #137]  INFO -- : worker=1 ready
I, [2018-07-02T11:58:32.646313 #140]  INFO -- : worker=3 ready
I, [2018-07-02T11:58:34.041356 #143]  INFO -- : worker=2 ready
I, [2018-07-02T11:58:34.041962 #145]  INFO -- : worker=0 ready
172.18.0.1 - - [02/Jul/2018:11:59:17 +0900] "GET /signup HTTP/1.1" 500 144489 1.1581
172.18.0.1 - - [02/Jul/2018:11:59:17 +0900] "GET /favicon.ico HTTP/1.1" 200 - 0.0866
E, [2018-07-02T12:00:17.998068 #1] ERROR -- : worker=5 PID:103 timeout (61s > 60s), killing
E, [2018-07-02T12:00:17.998451 #1] ERROR -- : worker=7 PID:106 timeout (61s > 60s), killing
E, [2018-07-02T12:00:17.998575 #1] ERROR -- : worker=0 PID:145 timeout (61s > 60s), killing
E, [2018-07-02T12:00:18.024471 #1] ERROR -- : reaped #<Process::Status: pid 106 SIGKILL (signal 9)> worker=7
E, [2018-07-02T12:00:18.024561 #1] ERROR -- : worker=5 PID:103 timeout (61s > 60s), killing
E, [2018-07-02T12:00:18.024595 #1] ERROR -- : worker=0 PID:145 timeout (61s > 60s), killing
I, [2018-07-02T12:00:18.024682 #1]  INFO -- : worker=7 spawning...
I, [2018-07-02T12:00:18.026839 #177]  INFO -- : worker=7 spawned pid=177
I, [2018-07-02T12:00:18.027069 #177]  INFO -- : Refreshing Gem list
E, [2018-07-02T12:00:18.040339 #1] ERROR -- : reaped #<Process::Status: pid 103 SIGKILL (signal 9)> worker=5
E, [2018-07-02T12:00:18.040446 #1] ERROR -- : reaped #<Process::Status: pid 145 SIGKILL (signal 9)> worker=0
I, [2018-07-02T12:00:18.040563 #1]  INFO -- : worker=0 spawning...
I, [2018-07-02T12:00:18.041377 #1]  INFO -- : worker=5 spawning...
I, [2018-07-02T12:00:18.043121 #180]  INFO -- : worker=0 spawned pid=180
I, [2018-07-02T12:00:18.043322 #180]  INFO -- : Refreshing Gem list
I, [2018-07-02T12:00:18.045142 #182]  INFO -- : worker=5 spawned pid=182
I, [2018-07-02T12:00:18.045351 #182]  INFO -- : Refreshing Gem list
I, [2018-07-02T12:00:21.730803 #180]  INFO -- : worker=0 ready
I, [2018-07-02T12:00:21.731077 #177]  INFO -- : worker=7 ready
I, [2018-07-02T12:00:21.734082 #182]  INFO -- : worker=5 ready
E, [2018-07-02T12:00:58.997614 #1] ERROR -- : reaped #<Process::Status: pid 214 SIGHUP (signal 1)> worker=unknown
172.18.0.1 - - [02/Jul/2018:12:02:47 +0900] "GET /signup HTTP/1.1" 200 - 2.1971
172.18.0.1 - - [02/Jul/2018:12:02:47 +0900] "GET /favicon.ico HTTP/1.1" 200 - 0.1544
E, [2018-07-02T12:03:47.158973 #1] ERROR -- : worker=1 PID:137 timeout (61s > 60s), killing
E, [2018-07-02T12:03:47.159243 #1] ERROR -- : worker=0 PID:180 timeout (61s > 60s), killing
E, [2018-07-02T12:03:47.188628 #1] ERROR -- : reaped #<Process::Status: pid 137 SIGKILL (signal 9)> worker=1
E, [2018-07-02T12:03:47.188767 #1] ERROR -- : reaped #<Process::Status: pid 180 SIGKILL (signal 9)> worker=0
I, [2018-07-02T12:03:47.188960 #1]  INFO -- : worker=0 spawning...
I, [2018-07-02T12:03:47.190071 #1]  INFO -- : worker=1 spawning...
I, [2018-07-02T12:03:47.191936 #251]  INFO -- : worker=0 spawned pid=251
I, [2018-07-02T12:03:47.192768 #251]  INFO -- : Refreshing Gem list
I, [2018-07-02T12:03:47.193602 #254]  INFO -- : worker=1 spawned pid=254
I, [2018-07-02T12:03:47.193945 #254]  INFO -- : Refreshing Gem list
I, [2018-07-02T12:03:49.035243 #251]  INFO -- : worker=0 ready
I, [2018-07-02T12:03:49.035243 #254]  INFO -- : worker=1 ready
/usr/local/bundle/gems/unicorn-5.4.0/lib/unicorn/http_server.rb:205:in `pid=': Already running on PID:1 (or pid=/var/run/unicorn.pid is stale) (ArgumentError)
	from /usr/local/bundle/gems/unicorn-5.4.0/lib/unicorn/http_server.rb:137:in `start'
	from /usr/local/bundle/gems/unicorn-5.4.0/bin/unicorn:126:in `<top (required)>'
	from /usr/local/bundle/bin/unicorn:16:in `load'
	from /usr/local/bundle/bin/unicorn:16:in `<main>'
I, [2018-07-02T13:49:59.676782 #1]  INFO -- : listening on addr=/share/unicorn.sock fd=9
I, [2018-07-02T13:49:59.677321 #1]  INFO -- : listening on addr=0.0.0.0:3001 fd=10
I, [2018-07-02T13:49:59.677454 #1]  INFO -- : worker=0 spawning...
I, [2018-07-02T13:49:59.679245 #1]  INFO -- : worker=1 spawning...
I, [2018-07-02T13:49:59.680041 #1]  INFO -- : worker=2 spawning...
I, [2018-07-02T13:49:59.681775 #1]  INFO -- : worker=3 spawning...
I, [2018-07-02T13:49:59.680929 #7]  INFO -- : worker=0 spawned pid=7
I, [2018-07-02T13:49:59.682004 #7]  INFO -- : Refreshing Gem list
I, [2018-07-02T13:49:59.686137 #1]  INFO -- : worker=4 spawning...
I, [2018-07-02T13:49:59.687581 #12]  INFO -- : worker=2 spawned pid=12
I, [2018-07-02T13:49:59.687583 #9]  INFO -- : worker=1 spawned pid=9
I, [2018-07-02T13:49:59.687985 #12]  INFO -- : Refreshing Gem list
I, [2018-07-02T13:49:59.687992 #9]  INFO -- : Refreshing Gem list
I, [2018-07-02T13:49:59.695050 #1]  INFO -- : worker=5 spawning...
I, [2018-07-02T13:49:59.701015 #1]  INFO -- : worker=6 spawning...
I, [2018-07-02T13:49:59.704418 #19]  INFO -- : worker=4 spawned pid=19
I, [2018-07-02T13:49:59.704579 #19]  INFO -- : Refreshing Gem list
I, [2018-07-02T13:49:59.705458 #15]  INFO -- : worker=3 spawned pid=15
I, [2018-07-02T13:49:59.706413 #1]  INFO -- : worker=7 spawning...
I, [2018-07-02T13:49:59.706563 #15]  INFO -- : Refreshing Gem list
I, [2018-07-02T13:49:59.708761 #21]  INFO -- : worker=5 spawned pid=21
I, [2018-07-02T13:49:59.708919 #21]  INFO -- : Refreshing Gem list
I, [2018-07-02T13:49:59.710656 #1]  INFO -- : master process ready
I, [2018-07-02T13:49:59.712962 #24]  INFO -- : worker=6 spawned pid=24
I, [2018-07-02T13:49:59.713126 #24]  INFO -- : Refreshing Gem list
I, [2018-07-02T13:49:59.716582 #27]  INFO -- : worker=7 spawned pid=27
I, [2018-07-02T13:49:59.716755 #27]  INFO -- : Refreshing Gem list
I, [2018-07-02T13:50:16.507395 #12]  INFO -- : worker=2 ready
I, [2018-07-02T13:50:16.505028 #7]  INFO -- : worker=0 ready
I, [2018-07-02T13:50:16.510829 #19]  INFO -- : worker=4 ready
I, [2018-07-02T13:50:16.507472 #15]  INFO -- : worker=3 ready
I, [2018-07-02T13:50:16.516098 #9]  INFO -- : worker=1 ready
I, [2018-07-02T13:50:16.519305 #27]  INFO -- : worker=7 ready
I, [2018-07-02T13:50:16.531852 #24]  INFO -- : worker=6 ready
I, [2018-07-02T13:50:16.549738 #21]  INFO -- : worker=5 ready
I, [2018-07-02T13:50:17.875681 #1]  INFO -- : reaped #<Process::Status: pid 7 exit 0> worker=0
I, [2018-07-02T13:50:17.878977 #1]  INFO -- : reaped #<Process::Status: pid 9 exit 0> worker=1
I, [2018-07-02T13:50:17.879017 #1]  INFO -- : reaped #<Process::Status: pid 12 exit 0> worker=2
I, [2018-07-02T13:50:17.879044 #1]  INFO -- : reaped #<Process::Status: pid 15 exit 0> worker=3
I, [2018-07-02T13:50:17.879069 #1]  INFO -- : reaped #<Process::Status: pid 19 exit 0> worker=4
I, [2018-07-02T13:50:17.879095 #1]  INFO -- : reaped #<Process::Status: pid 21 exit 0> worker=5
I, [2018-07-02T13:50:17.879118 #1]  INFO -- : reaped #<Process::Status: pid 24 exit 0> worker=6
I, [2018-07-02T13:50:17.879141 #1]  INFO -- : reaped #<Process::Status: pid 27 exit 0> worker=7
I, [2018-07-02T13:50:17.886370 #1]  INFO -- : master complete
I, [2018-07-02T13:50:30.123518 #1]  INFO -- : unlinking existing socket=/share/unicorn.sock
I, [2018-07-02T13:50:30.123685 #1]  INFO -- : listening on addr=/share/unicorn.sock fd=9
I, [2018-07-02T13:50:30.123936 #1]  INFO -- : listening on addr=0.0.0.0:3001 fd=10
I, [2018-07-02T13:50:30.124025 #1]  INFO -- : worker=0 spawning...
I, [2018-07-02T13:50:30.127508 #1]  INFO -- : worker=1 spawning...
I, [2018-07-02T13:50:30.130271 #9]  INFO -- : worker=1 spawned pid=9
I, [2018-07-02T13:50:30.130645 #9]  INFO -- : Refreshing Gem list
I, [2018-07-02T13:50:30.130653 #7]  INFO -- : worker=0 spawned pid=7
I, [2018-07-02T13:50:30.130781 #7]  INFO -- : Refreshing Gem list
I, [2018-07-02T13:50:30.131316 #1]  INFO -- : worker=2 spawning...
I, [2018-07-02T13:50:30.132032 #1]  INFO -- : worker=3 spawning...
I, [2018-07-02T13:50:30.132759 #1]  INFO -- : worker=4 spawning...
I, [2018-07-02T13:50:30.133449 #1]  INFO -- : worker=5 spawning...
I, [2018-07-02T13:50:30.137369 #15]  INFO -- : worker=3 spawned pid=15
I, [2018-07-02T13:50:30.137548 #15]  INFO -- : Refreshing Gem list
I, [2018-07-02T13:50:30.140867 #1]  INFO -- : worker=6 spawning...
I, [2018-07-02T13:50:30.147192 #17]  INFO -- : worker=4 spawned pid=17
I, [2018-07-02T13:50:30.147350 #17]  INFO -- : Refreshing Gem list
I, [2018-07-02T13:50:30.147659 #13]  INFO -- : worker=2 spawned pid=13
I, [2018-07-02T13:50:30.147790 #13]  INFO -- : Refreshing Gem list
I, [2018-07-02T13:50:30.149522 #1]  INFO -- : worker=7 spawning...
I, [2018-07-02T13:50:30.150572 #1]  INFO -- : master process ready
I, [2018-07-02T13:50:30.154349 #20]  INFO -- : worker=5 spawned pid=20
I, [2018-07-02T13:50:30.154547 #20]  INFO -- : Refreshing Gem list
I, [2018-07-02T13:50:30.156618 #24]  INFO -- : worker=6 spawned pid=24
I, [2018-07-02T13:50:30.156777 #24]  INFO -- : Refreshing Gem list
I, [2018-07-02T13:50:30.159476 #26]  INFO -- : worker=7 spawned pid=26
I, [2018-07-02T13:50:30.159635 #26]  INFO -- : Refreshing Gem list
I, [2018-07-02T13:50:47.948770 #24]  INFO -- : worker=6 ready
I, [2018-07-02T13:50:47.973857 #17]  INFO -- : worker=4 ready
I, [2018-07-02T13:50:47.975372 #7]  INFO -- : worker=0 ready
I, [2018-07-02T13:50:47.975797 #15]  INFO -- : worker=3 ready
I, [2018-07-02T13:50:47.977000 #20]  INFO -- : worker=5 ready
I, [2018-07-02T13:50:47.979717 #26]  INFO -- : worker=7 ready
I, [2018-07-02T13:50:48.022369 #13]  INFO -- : worker=2 ready
I, [2018-07-02T13:50:48.035369 #9]  INFO -- : worker=1 ready
172.18.0.1 - - [02/Jul/2018:13:50:49 +0900] "GET / HTTP/1.0" 200 - 1.2594
172.18.0.1 - - [02/Jul/2018:13:50:49 +0900] "GET /users.self-fa5b3354003f55a9660678b5c894d0f6a90f69a6146f9a70e7a1c10047c0baeb.css?body=1 HTTP/1.0" 200 2767 0.0177
172.18.0.1 - - [02/Jul/2018:13:50:49 +0900] "GET /jquery_ujs.self-784a997f6726036b1993eb2217c9cb558e1cbb801c6da88105588c56f13b466a.js?body=1 HTTP/1.0" 200 21600 0.0117
172.18.0.1 - - [02/Jul/2018:13:50:49 +0900] "GET /action_cable.self-5454023407ffec0d29137c7110917e1e745525ae9afbc05f52104c4cd6597429.js?body=1 HTTP/1.0" 200 20472 0.0334
172.18.0.1 - - [02/Jul/2018:13:50:53 +0900] "GET /cable.self-6e0514260c1aa76eaf252412ce74e63f68819fd19bf740595f592c5ba4c36537.js?body=1 HTTP/1.0" 200 291 3.6089
172.18.0.1 - - [02/Jul/2018:13:50:53 +0900] "GET /home.self-877aef30ae1b040ab8a3aba4e3e309a11d7f2612f44dde450b5c157aa5f95c05.js?body=1 HTTP/1.0" 200 31 0.0484
172.18.0.1 - - [02/Jul/2018:13:50:53 +0900] "GET /posts.self-877aef30ae1b040ab8a3aba4e3e309a11d7f2612f44dde450b5c157aa5f95c05.js?body=1 HTTP/1.0" 200 31 0.0056
172.18.0.1 - - [02/Jul/2018:13:50:53 +0900] "GET /users.self-877aef30ae1b040ab8a3aba4e3e309a11d7f2612f44dde450b5c157aa5f95c05.js?body=1 HTTP/1.0" 200 31 0.0590
172.18.0.1 - - [02/Jul/2018:13:50:53 +0900] "GET /application.self-b89234cf2659d7fedea75bca0b8d231ad7dfc2f3f57fcbaf5f44ed9dc384137b.js?body=1 HTTP/1.0" 200 662 0.0329
172.18.0.1 - - [02/Jul/2018:13:50:53 +0900] "GET /home.self-6a266cab551d8ca5424fdb3e94b6315584d45862a63dc694002d350500bc3812.css?body=1 HTTP/1.0" 200 5489 4.1480
172.18.0.1 - - [02/Jul/2018:13:50:53 +0900] "GET /jquery.self-bd7ddd393353a8d2480a622e80342adf488fb6006d667e8b42e4c0073393abee.js?body=1 HTTP/1.0" 200 293431 4.1116
172.18.0.1 - - [02/Jul/2018:13:50:53 +0900] "GET /turbolinks.self-2db6ec539b9190f75e1d477b305df53d12904d5cafdd47c7ffd91ba25cbec128.js?body=1 HTTP/1.0" 200 37484 4.0702
172.18.0.1 - - [02/Jul/2018:13:50:53 +0900] "GET /posts.self-35d439c3273f2923efb126fab0d67d942e8214328ec27ff02f6cbe4fc4fc66ce.css?body=1 HTTP/1.0" 200 2382 4.2320
172.18.0.1 - - [02/Jul/2018:13:50:53 +0900] "GET /application.self-af04b226fd7202dfc532ce7aedb95a0128277937e90d3b3a3d35e1cce9e16886.css?body=1 HTTP/1.0" 200 703 4.2302
172.18.0.1 - - [02/Jul/2018:13:50:55 +0900] "GET /images/top.jpg HTTP/1.0" 404 23496 0.9502
172.18.0.1 - - [02/Jul/2018:13:50:55 +0900] "GET /favicon.ico HTTP/1.0" 200 - 0.0012
172.18.0.1 - - [02/Jul/2018:13:50:57 +0900] "GET /signup HTTP/1.0" 500 93525 0.1565
172.18.0.1 - - [02/Jul/2018:13:54:16 +0900] "GET /signup HTTP/1.0" 200 - 0.5044
172.18.0.1 - - [02/Jul/2018:13:54:17 +0900] "GET /favicon.ico HTTP/1.0" 200 - 0.0227
172.18.0.1 - - [02/Jul/2018:13:54:25 +0900] "POST /users/create HTTP/1.0" 500 105608 0.3690
172.18.0.1 - - [02/Jul/2018:13:55:26 +0900] "POST /users/create HTTP/1.0" 302 - 0.5374
172.18.0.1 - - [02/Jul/2018:13:55:32 +0900] "GET /users/index HTTP/1.0" 200 - 0.2272
172.18.0.1 - - [02/Jul/2018:13:55:33 +0900] "GET /user_images HTTP/1.0" 404 23493 0.6204
172.18.0.1 - - [02/Jul/2018:13:56:04 +0900] "GET /signup HTTP/1.0" 200 - 0.1633
172.18.0.1 - - [02/Jul/2018:13:56:05 +0900] "GET /user_images HTTP/1.0" 404 23493 1.0247
172.18.0.1 - - [02/Jul/2018:13:56:06 +0900] "POST /users/create HTTP/1.0" 302 - 0.0965
172.18.0.1 - - [02/Jul/2018:13:56:06 +0900] "GET /users/index HTTP/1.0" 200 - 0.2315
172.18.0.1 - - [02/Jul/2018:13:56:08 +0900] "GET /user_images HTTP/1.0" 404 23493 1.0898
172.18.0.1 - - [02/Jul/2018:13:58:51 +0900] "GET /signup HTTP/1.0" 200 - 1.5221
172.18.0.1 - - [02/Jul/2018:13:58:52 +0900] "GET /user_images HTTP/1.0" 404 23493 0.5155
172.18.0.1 - - [02/Jul/2018:13:58:53 +0900] "POST /users/create HTTP/1.0" 200 - 0.3145
172.18.0.1 - - [02/Jul/2018:13:59:03 +0900] "POST /users/create HTTP/1.0" 302 - 0.1040
172.18.0.1 - - [02/Jul/2018:13:59:03 +0900] "GET /users/index HTTP/1.0" 200 - 0.3094
172.18.0.1 - - [02/Jul/2018:13:59:03 +0900] "GET /user_images HTTP/1.0" 404 23493 0.3326
172.18.0.1 - - [02/Jul/2018:13:59:20 +0900] "GET /signup HTTP/1.0" 200 - 0.2718
172.18.0.1 - - [02/Jul/2018:13:59:20 +0900] "GET /user_images HTTP/1.0" 404 23493 0.2743
172.18.0.1 - - [02/Jul/2018:13:59:24 +0900] "POST /users/create HTTP/1.0" 302 - 0.3311
172.18.0.1 - - [02/Jul/2018:13:59:24 +0900] "GET /users/index HTTP/1.0" 200 - 0.1844
172.18.0.1 - - [02/Jul/2018:13:59:24 +0900] "GET /user_images HTTP/1.0" 404 23493 0.2807
172.18.0.1 - - [02/Jul/2018:13:59:25 +0900] "GET /user_images HTTP/1.0" 404 23493 0.1503
172.18.0.1 - - [02/Jul/2018:14:03:12 +0900] "GET /signup HTTP/1.0" 500 116109 0.3891
172.18.0.1 - - [02/Jul/2018:14:03:14 +0900] "GET /user_images HTTP/1.0" 404 23493 1.7782
172.18.0.1 - - [02/Jul/2018:14:03:39 +0900] "GET /signup HTTP/1.0" 200 - 0.1928
172.18.0.1 - - [02/Jul/2018:14:03:40 +0900] "GET /favicon.ico HTTP/1.0" 200 - 0.0101
172.18.0.1 - - [02/Jul/2018:14:03:45 +0900] "POST /users/create HTTP/1.0" 200 - 0.5197
172.18.0.1 - - [02/Jul/2018:14:03:49 +0900] "POST /users/create HTTP/1.0" 200 - 0.8575
172.18.0.1 - - [02/Jul/2018:14:08:56 +0900] "GET /users/index HTTP/1.0" 200 - 0.6781
172.18.0.1 - - [02/Jul/2018:14:08:57 +0900] "GET /user_images HTTP/1.0" 404 23493 0.7925
172.18.0.1 - - [02/Jul/2018:14:10:33 +0900] "GET /users/index HTTP/1.0" 200 - 0.0742
172.18.0.1 - - [02/Jul/2018:14:10:34 +0900] "GET /user_images HTTP/1.0" 404 23493 1.1569
172.18.0.1 - - [02/Jul/2018:14:10:34 +0900] "GET /favicon.ico HTTP/1.0" 200 - 0.0020
172.18.0.1 - - [02/Jul/2018:14:10:49 +0900] "GET /users/index HTTP/1.0" 200 - 1.5679
172.18.0.1 - - [02/Jul/2018:14:10:49 +0900] "GET /user_images HTTP/1.0" 404 23493 0.2731
172.18.0.1 - - [02/Jul/2018:14:10:49 +0900] "GET /favicon.ico HTTP/1.0" 200 - 0.0050
E, [2018-07-02T17:14:02.080514 #1] ERROR -- : reaped #<Process::Status: pid 96 SIGHUP (signal 1)> worker=unknown
172.18.0.1 - - [02/Jul/2018:17:14:05 +0900] "GET /users/1 HTTP/1.0" 200 - 2.8232
172.18.0.1 - - [02/Jul/2018:17:14:07 +0900] "GET /user_images HTTP/1.0" 404 23493 1.9342
172.18.0.1 - - [02/Jul/2018:17:27:13 +0900] "GET /users/1 HTTP/1.0" 200 - 1.3330
172.18.0.1 - - [02/Jul/2018:17:27:15 +0900] "GET /user_images HTTP/1.0" 404 23493 2.3943
172.18.0.1 - - [02/Jul/2018:17:27:16 +0900] "GET /favicon.ico HTTP/1.0" 200 - 0.0384
172.18.0.1 - - [02/Jul/2018:17:39:40 +0900] "GET /users/index HTTP/1.0" 200 - 0.1841
172.18.0.1 - - [02/Jul/2018:17:39:43 +0900] "GET /user_images HTTP/1.0" 404 23493 2.7996
172.18.0.1 - - [02/Jul/2018:17:42:25 +0900] "GET /users/1 HTTP/1.0" 200 - 2.4722
172.18.0.1 - - [02/Jul/2018:17:42:26 +0900] "GET /user_images HTTP/1.0" 404 23792 3.2154
172.18.0.1 - - [02/Jul/2018:17:42:28 +0900] "GET /users/1 HTTP/1.0" 200 - 2.6362
172.18.0.1 - - [02/Jul/2018:17:42:30 +0900] "POST /users/destroy HTTP/1.0" 404 2952 2.6227
172.18.0.1 - - [02/Jul/2018:17:42:30 +0900] "GET /favicon.ico HTTP/1.0" 200 - 0.0722
172.18.0.1 - - [02/Jul/2018:17:43:14 +0900] "GET /users/1 HTTP/1.0" 200 - 1.5483
172.18.0.1 - - [02/Jul/2018:17:43:15 +0900] "GET /jquery.self-bd7ddd393353a8d2480a622e80342adf488fb6006d667e8b42e4c0073393abee.js?body=1 HTTP/1.0" 200 293431 0.1914
172.18.0.1 - - [02/Jul/2018:17:43:15 +0900] "GET /favicon.ico HTTP/1.0" 200 - 0.0276
172.18.0.1 - - [02/Jul/2018:17:43:18 +0900] "POST /users/destroy HTTP/1.0" 404 2952 0.8906
172.18.0.1 - - [02/Jul/2018:17:43:53 +0900] "POST /users/destroy HTTP/1.0" 500 95365 3.7094
172.18.0.1 - - [02/Jul/2018:17:45:55 +0900] "POST /users/destroy HTTP/1.0" 404 24043 0.5321
172.18.0.1 - - [02/Jul/2018:17:45:55 +0900] "GET /favicon.ico HTTP/1.0" 200 - 0.0486
172.18.0.1 - - [02/Jul/2018:17:46:26 +0900] "POST /users/destroy HTTP/1.0" 404 24043 0.2633
172.18.0.1 - - [02/Jul/2018:17:48:07 +0900] "GET /login HTTP/1.0" 404 23480 3.1552
172.18.0.1 - - [02/Jul/2018:17:48:07 +0900] "GET /user_images HTTP/1.0" 404 23493 0.2793
172.18.0.1 - - [02/Jul/2018:17:48:10 +0900] "GET /user_images HTTP/1.0" 404 23493 0.5285
172.18.0.1 - - [02/Jul/2018:17:48:11 +0900] "GET /users/1 HTTP/1.0" 200 - 1.8745
172.18.0.1 - - [02/Jul/2018:17:48:12 +0900] "GET /user_images HTTP/1.0" 404 23493 0.9943
172.18.0.1 - - [02/Jul/2018:17:48:13 +0900] "GET /about HTTP/1.0" 200 - 0.4523
172.18.0.1 - - [02/Jul/2018:17:48:13 +0900] "GET /tweets.png HTTP/1.0" 200 258994 0.1287
172.18.0.1 - - [02/Jul/2018:17:48:14 +0900] "GET /user_images HTTP/1.0" 404 23493 0.2916
172.18.0.1 - - [02/Jul/2018:17:48:14 +0900] "GET / HTTP/1.0" 200 - 0.1048
172.18.0.1 - - [02/Jul/2018:17:48:15 +0900] "GET /images/top.jpg HTTP/1.0" 404 23496 0.4641
172.18.0.1 - - [02/Jul/2018:17:48:16 +0900] "GET /posts/index HTTP/1.0" 200 - 0.2985
172.18.0.1 - - [02/Jul/2018:18:12:03 +0900] "GET /posts/index HTTP/1.0" 500 142343 3.5981
172.18.0.1 - - [02/Jul/2018:18:12:04 +0900] "GET /favicon.ico HTTP/1.0" 200 - 0.0707
172.18.0.1 - - [02/Jul/2018:18:24:33 +0900] "GET /posts/index HTTP/1.0" 500 142330 0.8422
172.18.0.1 - - [02/Jul/2018:18:24:33 +0900] "GET /favicon.ico HTTP/1.0" 200 - 0.0243
172.18.0.1 - - [02/Jul/2018:18:25:01 +0900] "GET /posts/index HTTP/1.0" 200 - 0.8992
172.18.0.1 - - [02/Jul/2018:18:25:01 +0900] "GET /favicon.ico HTTP/1.0" 200 - 0.0254
172.18.0.1 - - [02/Jul/2018:18:25:07 +0900] "GET /login HTTP/1.0" 404 23480 1.4467
172.18.0.1 - - [02/Jul/2018:18:27:37 +0900] "GET /login HTTP/1.0" 200 - 1.9628
172.18.0.1 - - [02/Jul/2018:18:27:37 +0900] "GET /favicon.ico HTTP/1.0" 200 - 0.0044
172.18.0.1 - - [02/Jul/2018:18:27:45 +0900] "POST /login HTTP/1.0" 500 120907 2.4958
172.18.0.1 - - [02/Jul/2018:18:29:14 +0900] "POST /login HTTP/1.0" 200 - 0.1909
172.18.0.1 - - [02/Jul/2018:18:29:15 +0900] "GET /favicon.ico HTTP/1.0" 200 - 0.0095
172.18.0.1 - - [02/Jul/2018:18:29:19 +0900] "POST /login HTTP/1.0" 200 - 0.3188
172.18.0.1 - - [02/Jul/2018:18:29:46 +0900] "POST /login HTTP/1.0" 302 - 0.0929
172.18.0.1 - - [02/Jul/2018:18:29:47 +0900] "GET /users/index HTTP/1.0" 200 - 0.3162
172.18.0.1 - - [02/Jul/2018:18:29:47 +0900] "GET /user_images HTTP/1.0" 404 23988 0.1399
172.18.0.1 - - [02/Jul/2018:18:31:42 +0900] "GET /users/index HTTP/1.0" 200 - 0.1116
172.18.0.1 - - [02/Jul/2018:18:31:43 +0900] "GET /user_images HTTP/1.0" 404 23988 1.5178
172.18.0.1 - - [02/Jul/2018:18:31:43 +0900] "GET /favicon.ico HTTP/1.0" 200 - 0.0044
172.18.0.1 - - [02/Jul/2018:18:35:52 +0900] "GET /users/index HTTP/1.0" 500 93333 0.2839
172.18.0.1 - - [02/Jul/2018:18:35:52 +0900] "GET /favicon.ico HTTP/1.0" 200 - 0.0029
172.18.0.1 - - [02/Jul/2018:18:36:24 +0900] "GET /users/index HTTP/1.0" 200 - 0.5059
172.18.0.1 - - [02/Jul/2018:18:36:24 +0900] "GET /user_images HTTP/1.0" 404 23988 0.2894
172.18.0.1 - - [02/Jul/2018:18:36:25 +0900] "GET /favicon.ico HTTP/1.0" 200 - 0.1095
172.18.0.1 - - [02/Jul/2018:18:36:27 +0900] "POST /logout HTTP/1.0" 404 24290 0.1435
172.18.0.1 - - [02/Jul/2018:18:37:44 +0900] "POST /logout HTTP/1.0" 302 - 0.0999
172.18.0.1 - - [02/Jul/2018:18:37:45 +0900] "GET /users/login_form HTTP/1.0" 500 136007 0.4715
172.18.0.1 - - [02/Jul/2018:18:40:40 +0900] "GET / HTTP/1.0" 200 - 0.1559
172.18.0.1 - - [02/Jul/2018:18:40:41 +0900] "GET /images/top.jpg HTTP/1.0" 404 24250 0.2607
172.18.0.1 - - [02/Jul/2018:18:40:44 +0900] "GET /login HTTP/1.0" 200 - 0.0553
172.18.0.1 - - [02/Jul/2018:18:40:49 +0900] "POST /login HTTP/1.0" 302 - 0.0952
172.18.0.1 - - [02/Jul/2018:18:40:51 +0900] "GET /users/index HTTP/1.0" 200 - 1.9573
172.18.0.1 - - [02/Jul/2018:18:40:51 +0900] "GET /user_images HTTP/1.0" 404 24258 0.5576
172.18.0.1 - - [02/Jul/2018:18:40:59 +0900] "POST /logout HTTP/1.0" 302 - 0.0838
172.18.0.1 - - [02/Jul/2018:18:40:59 +0900] "GET /users/login_form HTTP/1.0" 500 136007 0.3633
172.18.0.1 - - [02/Jul/2018:18:42:57 +0900] "GET /users/login_form HTTP/1.0" 500 136007 3.0306
172.18.0.1 - - [02/Jul/2018:18:42:58 +0900] "GET /favicon.ico HTTP/1.0" 200 - 0.0042
172.18.0.1 - - [02/Jul/2018:18:43:02 +0900] "GET /users/login HTTP/1.0" 500 135960 2.4153
172.18.0.1 - - [03/Jul/2018:09:26:15 +0900] "GET /users/login HTTP/1.0" 500 136002 2.8300
172.18.0.1 - - [03/Jul/2018:09:26:16 +0900] "GET /favicon.ico HTTP/1.0" 200 - 0.1525
172.18.0.1 - - [03/Jul/2018:09:26:20 +0900] "GET / HTTP/1.0" 200 - 0.5413
172.18.0.1 - - [03/Jul/2018:09:26:22 +0900] "GET /images/top.jpg HTTP/1.0" 404 24250 2.1818
172.18.0.1 - - [03/Jul/2018:09:26:24 +0900] "GET /login HTTP/1.0" 200 - 1.9833
172.18.0.1 - - [03/Jul/2018:09:26:28 +0900] "POST /login HTTP/1.0" 302 - 0.1823
172.18.0.1 - - [03/Jul/2018:09:26:30 +0900] "GET /users/index HTTP/1.0" 200 - 2.0962
172.18.0.1 - - [03/Jul/2018:09:26:31 +0900] "GET /user_images HTTP/1.0" 404 24258 1.2767
172.18.0.1 - - [03/Jul/2018:09:26:33 +0900] "POST /logout HTTP/1.0" 302 - 0.0366
172.18.0.1 - - [03/Jul/2018:09:26:34 +0900] "GET /login HTTP/1.0" 200 - 0.4839
172.18.0.1 - - [03/Jul/2018:09:33:34 +0900] "GET /login HTTP/1.0" 200 - 0.7401
172.18.0.1 - - [03/Jul/2018:09:33:35 +0900] "GET /favicon.ico HTTP/1.0" 200 - 0.0164
172.18.0.1 - - [03/Jul/2018:09:33:42 +0900] "GET /posts/index HTTP/1.0" 302 - 0.0495
172.18.0.1 - - [03/Jul/2018:09:33:44 +0900] "GET /login HTTP/1.0" 200 - 2.3851
172.18.0.1 - - [03/Jul/2018:09:44:39 +0900] "GET /login HTTP/1.0" 200 - 0.8401
172.18.0.1 - - [03/Jul/2018:09:44:40 +0900] "GET /favicon.ico HTTP/1.0" 200 - 0.0268
172.18.0.1 - - [03/Jul/2018:09:44:42 +0900] "POST /login HTTP/1.0" 302 - 1.3570
172.18.0.1 - - [03/Jul/2018:09:44:45 +0900] "GET /users/index HTTP/1.0" 200 - 2.4309
172.18.0.1 - - [03/Jul/2018:09:44:48 +0900] "GET /user_images HTTP/1.0" 404 24258 2.8549
172.18.0.1 - - [03/Jul/2018:09:44:50 +0900] "GET /login HTTP/1.0" 302 - 0.2924
172.18.0.1 - - [03/Jul/2018:09:44:52 +0900] "GET /posts/index HTTP/1.0" 200 - 2.2520
172.18.0.1 - - [03/Jul/2018:09:51:10 +0900] "GET /posts/index HTTP/1.0" 500 136955 0.9092
172.18.0.1 - - [03/Jul/2018:09:51:11 +0900] "GET /favicon.ico HTTP/1.0" 200 - 0.0208
172.18.0.1 - - [03/Jul/2018:09:51:42 +0900] "GET /posts/index HTTP/1.0" 200 - 0.9251
172.18.0.1 - - [03/Jul/2018:09:51:42 +0900] "GET /favicon.ico HTTP/1.0" 200 - 0.0068
172.18.0.1 - - [03/Jul/2018:09:51:43 +0900] "GET /posts/index HTTP/1.0" 200 - 0.1491
172.18.0.1 - - [03/Jul/2018:09:51:44 +0900] "GET /posts/index HTTP/1.0" 200 - 0.0375
172.18.0.1 - - [03/Jul/2018:09:51:47 +0900] "POST /logout HTTP/1.0" 302 - 0.0444
172.18.0.1 - - [03/Jul/2018:09:51:48 +0900] "GET /login HTTP/1.0" 200 - 0.5235
172.18.0.1 - - [03/Jul/2018:09:51:50 +0900] "GET / HTTP/1.0" 200 - 0.0724
172.18.0.1 - - [03/Jul/2018:09:51:50 +0900] "GET /images/top.jpg HTTP/1.0" 404 24250 0.0907
172.18.0.1 - - [03/Jul/2018:09:51:53 +0900] "POST /login HTTP/1.0" 302 - 0.0315
172.18.0.1 - - [03/Jul/2018:09:51:53 +0900] "GET /users/index HTTP/1.0" 200 - 0.0497
172.18.0.1 - - [03/Jul/2018:09:51:54 +0900] "GET /user_images HTTP/1.0" 404 24258 0.5386
172.18.0.1 - - [03/Jul/2018:09:51:54 +0900] "GET /login HTTP/1.0" 200 - 2.9591
172.18.0.1 - - [03/Jul/2018:09:54:40 +0900] "GET /users/1 HTTP/1.0" 200 - 0.1995
172.18.0.1 - - [03/Jul/2018:09:54:40 +0900] "GET /user_images HTTP/1.0" 404 24258 0.2170
172.18.0.1 - - [03/Jul/2018:09:56:46 +0900] "GET /users/1 HTTP/1.0" 200 - 0.2601
172.18.0.1 - - [03/Jul/2018:09:56:48 +0900] "GET /user_images HTTP/1.0" 404 24258 2.0192
172.18.0.1 - - [03/Jul/2018:09:56:48 +0900] "GET /favicon.ico HTTP/1.0" 200 - 0.0088
172.18.0.1 - - [03/Jul/2018:09:58:34 +0900] "GET /users/1 HTTP/1.0" 200 - 1.4595
172.18.0.1 - - [03/Jul/2018:09:58:34 +0900] "GET /user_images/1.jpg HTTP/1.0" 200 171014 0.4103
172.18.0.1 - - [03/Jul/2018:09:58:34 +0900] "GET /favicon.ico HTTP/1.0" 200 - 0.0312
172.18.0.1 - - [03/Jul/2018:09:58:41 +0900] "GET /posts/new HTTP/1.0" 200 - 0.5948
172.18.0.1 - - [03/Jul/2018:09:58:42 +0900] "GET /posts/index HTTP/1.0" 200 - 0.1698
172.18.0.1 - - [03/Jul/2018:09:58:44 +0900] "GET /users/1 HTTP/1.0" 200 - 0.1067
172.18.0.1 - - [03/Jul/2018:09:58:48 +0900] "GET /posts/new HTTP/1.0" 200 - 3.0186
172.18.0.1 - - [03/Jul/2018:09:58:48 +0900] "POST /posts/create HTTP/1.0" 200 - 0.2618
172.18.0.1 - - [03/Jul/2018:09:58:51 +0900] "POST /posts/create HTTP/1.0" 302 - 0.4565
172.18.0.1 - - [03/Jul/2018:09:58:52 +0900] "GET /posts/index HTTP/1.0" 200 - 0.9481
172.18.0.1 - - [03/Jul/2018:09:58:54 +0900] "GET /posts/index HTTP/1.0" 200 - 0.3011
172.18.0.1 - - [03/Jul/2018:09:58:55 +0900] "GET /users/1 HTTP/1.0" 200 - 0.0683
172.18.0.1 - - [03/Jul/2018:09:58:57 +0900] "GET /users/index HTTP/1.0" 200 - 0.2541
172.18.0.1 - - [03/Jul/2018:09:58:58 +0900] "POST /logout HTTP/1.0" 302 - 0.6608
